Loading cineca-ai/4.3.0
  Loading requirement: cuda/12.1 nccl/2.19.1-1--gcc--12.2.0-cuda-12.1
    cudnn/8.9.7.29-12--gcc--12.2.0-cuda-12.1 gcc/12.2.0-binut2.41
    openmpi/4.1.6--gcc--12.2.0 bzip2/1.0.8-gp5wcz5 libmd/1.0.4-wja3f5q
    libbsd/0.11.7-cgxjopl expat/2.5.0-bptl3xw ncurses/6.4-asx3jea
    readline/8.2-nyw6mp6 gdbm/1.23-fs6otck libiconv/1.17-d7yvx2s
    xz/5.4.1-hubmwr5 zlib-ng/2.1.4-6htiapk libxml2/2.10.3-5eeeokp
    pigz/2.7-bopr5vp zstd/1.5.5-gawytfl tar/1.34-amqus5s gettext/0.22.3-2g7elif
    libffi/3.4.4-6r7brdq libxcrypt/4.4.35-ss2rzin sqlite/3.43.2
    util-linux-uuid/2.38.1-jkdi7kv python/3.11.6--gcc--8.5.0 cmake/3.27.7
    openjdk/11.0.20.1_1
Temporal window: T=3, stride=6
Temporal window: T=3, stride=6
Temporal window: T=3, stride=6
Temporal window: T=3, stride=6
Temporal window: T=3, stride=6
Temporal window: T=3, stride=6
Temporal window: T=3, stride=6
Temporal window: T=3, stride=6
Temporal window: T=3, stride=6
Temporal window: T=3, stride=6
Temporal window: T=3, stride=6
Temporal window: T=3, stride=6
Temporal window: T=3, stride=6
Temporal window: T=3, stride=6
Temporal window: T=3, stride=6
Temporal window: T=3, stride=6
lrdn0024:1740868:1740868 [0] NCCL INFO Bootstrap : Using ib0:10.128.6.129<0>
lrdn0024:1740868:1740868 [0] NCCL INFO NET/Plugin : dlerror=libnccl-net.so: cannot open shared object file: No such file or directory No plugin found (libnccl-net.so), using internal implementation
lrdn0024:1740868:1740868 [0] NCCL INFO cudaDriverVersion 12020
NCCL version 2.19.1+cuda12.1
lrdn0024:1740871:1740871 [3] NCCL INFO cudaDriverVersion 12020
lrdn0024:1740869:1740869 [1] NCCL INFO cudaDriverVersion 12020
lrdn0024:1740870:1740870 [2] NCCL INFO cudaDriverVersion 12020
lrdn0267:1091243:1091243 [0] NCCL INFO cudaDriverVersion 12020
lrdn0267:1091244:1091244 [1] NCCL INFO cudaDriverVersion 12020
lrdn0267:1091245:1091245 [2] NCCL INFO cudaDriverVersion 12020
lrdn0267:1091246:1091246 [3] NCCL INFO cudaDriverVersion 12020
lrdn0024:1740871:1740871 [3] NCCL INFO Bootstrap : Using ib0:10.128.6.129<0>
lrdn0024:1740870:1740870 [2] NCCL INFO Bootstrap : Using ib0:10.128.6.129<0>
lrdn0024:1740869:1740869 [1] NCCL INFO Bootstrap : Using ib0:10.128.6.129<0>
lrdn0331:4027673:4027673 [0] NCCL INFO cudaDriverVersion 12020
lrdn0331:4027676:4027676 [3] NCCL INFO cudaDriverVersion 12020
lrdn0331:4027674:4027674 [1] NCCL INFO cudaDriverVersion 12020
lrdn0331:4027675:4027675 [2] NCCL INFO cudaDriverVersion 12020
lrdn0024:1740871:1740871 [3] NCCL INFO NET/Plugin : dlerror=libnccl-net.so: cannot open shared object file: No such file or directory No plugin found (libnccl-net.so), using internal implementation
lrdn0024:1740870:1740870 [2] NCCL INFO NET/Plugin : dlerror=libnccl-net.so: cannot open shared object file: No such file or directory No plugin found (libnccl-net.so), using internal implementation
lrdn0024:1740869:1740869 [1] NCCL INFO NET/Plugin : dlerror=libnccl-net.so: cannot open shared object file: No such file or directory No plugin found (libnccl-net.so), using internal implementation
lrdn0241:1169849:1169849 [0] NCCL INFO cudaDriverVersion 12020
lrdn0241:1169850:1169850 [1] NCCL INFO cudaDriverVersion 12020
lrdn0241:1169851:1169851 [2] NCCL INFO cudaDriverVersion 12020
lrdn0241:1169852:1169852 [3] NCCL INFO cudaDriverVersion 12020
lrdn0267:1091243:1091243 [0] NCCL INFO Bootstrap : Using ib0:10.128.10.77<0>
lrdn0267:1091244:1091244 [1] NCCL INFO Bootstrap : Using ib0:10.128.10.77<0>
lrdn0267:1091245:1091245 [2] NCCL INFO Bootstrap : Using ib0:10.128.10.77<0>
lrdn0267:1091246:1091246 [3] NCCL INFO Bootstrap : Using ib0:10.128.10.77<0>
lrdn0331:4027675:4027675 [2] NCCL INFO Bootstrap : Using ib0:10.128.11.77<0>
lrdn0331:4027673:4027673 [0] NCCL INFO Bootstrap : Using ib0:10.128.11.77<0>
lrdn0331:4027674:4027674 [1] NCCL INFO Bootstrap : Using ib0:10.128.11.77<0>
lrdn0331:4027676:4027676 [3] NCCL INFO Bootstrap : Using ib0:10.128.11.77<0>
lrdn0241:1169849:1169849 [0] NCCL INFO Bootstrap : Using ib0:10.128.9.229<0>
lrdn0241:1169852:1169852 [3] NCCL INFO Bootstrap : Using ib0:10.128.9.229<0>
lrdn0241:1169850:1169850 [1] NCCL INFO Bootstrap : Using ib0:10.128.9.229<0>
lrdn0241:1169851:1169851 [2] NCCL INFO Bootstrap : Using ib0:10.128.9.229<0>
lrdn0267:1091245:1091245 [2] NCCL INFO NET/Plugin : dlerror=libnccl-net.so: cannot open shared object file: No such file or directory No plugin found (libnccl-net.so), using internal implementation
lrdn0267:1091244:1091244 [1] NCCL INFO NET/Plugin : dlerror=libnccl-net.so: cannot open shared object file: No such file or directory No plugin found (libnccl-net.so), using internal implementation
lrdn0267:1091246:1091246 [3] NCCL INFO NET/Plugin : dlerror=libnccl-net.so: cannot open shared object file: No such file or directory No plugin found (libnccl-net.so), using internal implementation
lrdn0267:1091243:1091243 [0] NCCL INFO NET/Plugin : dlerror=libnccl-net.so: cannot open shared object file: No such file or directory No plugin found (libnccl-net.so), using internal implementation
lrdn0331:4027675:4027675 [2] NCCL INFO NET/Plugin : dlerror=libnccl-net.so: cannot open shared object file: No such file or directory No plugin found (libnccl-net.so), using internal implementation
lrdn0331:4027674:4027674 [1] NCCL INFO NET/Plugin : dlerror=libnccl-net.so: cannot open shared object file: No such file or directory No plugin found (libnccl-net.so), using internal implementation
lrdn0331:4027673:4027673 [0] NCCL INFO NET/Plugin : dlerror=libnccl-net.so: cannot open shared object file: No such file or directory No plugin found (libnccl-net.so), using internal implementation
lrdn0331:4027676:4027676 [3] NCCL INFO NET/Plugin : dlerror=libnccl-net.so: cannot open shared object file: No such file or directory No plugin found (libnccl-net.so), using internal implementation
lrdn0241:1169849:1169849 [0] NCCL INFO NET/Plugin : dlerror=libnccl-net.so: cannot open shared object file: No such file or directory No plugin found (libnccl-net.so), using internal implementation
lrdn0241:1169851:1169851 [2] NCCL INFO NET/Plugin : dlerror=libnccl-net.so: cannot open shared object file: No such file or directory No plugin found (libnccl-net.so), using internal implementation
lrdn0241:1169852:1169852 [3] NCCL INFO NET/Plugin : dlerror=libnccl-net.so: cannot open shared object file: No such file or directory No plugin found (libnccl-net.so), using internal implementation
lrdn0241:1169850:1169850 [1] NCCL INFO NET/Plugin : dlerror=libnccl-net.so: cannot open shared object file: No such file or directory No plugin found (libnccl-net.so), using internal implementation
lrdn0024:1740871:1740944 [3] NCCL INFO NET/IB : Using [0]mlx5_0:1/IB [1]mlx5_1:1/IB [2]mlx5_2:1/IB [3]mlx5_3:1/IB [RO]; OOB ib0:10.128.6.129<0>
lrdn0024:1740871:1740944 [3] NCCL INFO Using non-device net plugin version 0
lrdn0024:1740871:1740944 [3] NCCL INFO Using network IB
lrdn0024:1740868:1740942 [0] NCCL INFO NET/IB : Using [0]mlx5_0:1/IB [1]mlx5_1:1/IB [2]mlx5_2:1/IB [3]mlx5_3:1/IB [RO]; OOB ib0:10.128.6.129<0>
lrdn0024:1740868:1740942 [0] NCCL INFO Using non-device net plugin version 0
lrdn0024:1740868:1740942 [0] NCCL INFO Using network IB
lrdn0024:1740869:1740943 [1] NCCL INFO NET/IB : Using [0]mlx5_0:1/IB [1]mlx5_1:1/IB [2]mlx5_2:1/IB [3]mlx5_3:1/IB [RO]; OOB ib0:10.128.6.129<0>
lrdn0024:1740870:1740945 [2] NCCL INFO NET/IB : Using [0]mlx5_0:1/IB [1]mlx5_1:1/IB [2]mlx5_2:1/IB [3]mlx5_3:1/IB [RO]; OOB ib0:10.128.6.129<0>
lrdn0024:1740869:1740943 [1] NCCL INFO Using non-device net plugin version 0
lrdn0024:1740869:1740943 [1] NCCL INFO Using network IB
lrdn0024:1740870:1740945 [2] NCCL INFO Using non-device net plugin version 0
lrdn0024:1740870:1740945 [2] NCCL INFO Using network IB
lrdn0267:1091246:1091304 [3] NCCL INFO NET/IB : Using [0]mlx5_0:1/IB [1]mlx5_1:1/IB [2]mlx5_2:1/IB [3]mlx5_3:1/IB [RO]; OOB ib0:10.128.10.77<0>
lrdn0267:1091246:1091304 [3] NCCL INFO Using non-device net plugin version 0
lrdn0267:1091246:1091304 [3] NCCL INFO Using network IB
lrdn0267:1091244:1091306 [1] NCCL INFO NET/IB : Using [0]mlx5_0:1/IB [1]mlx5_1:1/IB [2]mlx5_2:1/IB [3]mlx5_3:1/IB [RO]; OOB ib0:10.128.10.77<0>
lrdn0267:1091244:1091306 [1] NCCL INFO Using non-device net plugin version 0
lrdn0267:1091244:1091306 [1] NCCL INFO Using network IB
lrdn0267:1091245:1091307 [2] NCCL INFO NET/IB : Using [0]mlx5_0:1/IB [1]mlx5_1:1/IB [2]mlx5_2:1/IB [3]mlx5_3:1/IB [RO]; OOB ib0:10.128.10.77<0>
lrdn0267:1091245:1091307 [2] NCCL INFO Using non-device net plugin version 0
lrdn0267:1091245:1091307 [2] NCCL INFO Using network IB
lrdn0331:4027673:4027736 [0] NCCL INFO NET/IB : Using [0]mlx5_0:1/IB [1]mlx5_1:1/IB [2]mlx5_2:1/IB [3]mlx5_3:1/IB [RO]; OOB ib0:10.128.11.77<0>
lrdn0331:4027673:4027736 [0] NCCL INFO Using non-device net plugin version 0
lrdn0331:4027673:4027736 [0] NCCL INFO Using network IB
lrdn0331:4027676:4027735 [3] NCCL INFO NET/IB : Using [0]mlx5_0:1/IB [1]mlx5_1:1/IB [2]mlx5_2:1/IB [3]mlx5_3:1/IB [RO]; OOB ib0:10.128.11.77<0>
lrdn0331:4027676:4027735 [3] NCCL INFO Using non-device net plugin version 0
lrdn0331:4027676:4027735 [3] NCCL INFO Using network IB
lrdn0241:1169852:1169911 [3] NCCL INFO NET/IB : Using [0]mlx5_0:1/IB [1]mlx5_1:1/IB [2]mlx5_2:1/IB [3]mlx5_3:1/IB [RO]; OOB ib0:10.128.9.229<0>
lrdn0241:1169852:1169911 [3] NCCL INFO Using non-device net plugin version 0
lrdn0241:1169852:1169911 [3] NCCL INFO Using network IB
lrdn0331:4027675:4027734 [2] NCCL INFO NET/IB : Using [0]mlx5_0:1/IB [1]mlx5_1:1/IB [2]mlx5_2:1/IB [3]mlx5_3:1/IB [RO]; OOB ib0:10.128.11.77<0>
lrdn0331:4027675:4027734 [2] NCCL INFO Using non-device net plugin version 0
lrdn0331:4027675:4027734 [2] NCCL INFO Using network IB
lrdn0267:1091243:1091305 [0] NCCL INFO NET/IB : Using [0]mlx5_0:1/IB [1]mlx5_1:1/IB [2]mlx5_2:1/IB [3]mlx5_3:1/IB [RO]; OOB ib0:10.128.10.77<0>
lrdn0267:1091243:1091305 [0] NCCL INFO Using non-device net plugin version 0
lrdn0267:1091243:1091305 [0] NCCL INFO Using network IB
lrdn0241:1169851:1169910 [2] NCCL INFO NET/IB : Using [0]mlx5_0:1/IB [1]mlx5_1:1/IB [2]mlx5_2:1/IB [3]mlx5_3:1/IB [RO]; OOB ib0:10.128.9.229<0>
lrdn0241:1169851:1169910 [2] NCCL INFO Using non-device net plugin version 0
lrdn0241:1169851:1169910 [2] NCCL INFO Using network IB
lrdn0241:1169849:1169912 [0] NCCL INFO NET/IB : Using [0]mlx5_0:1/IB [1]mlx5_1:1/IB [2]mlx5_2:1/IB [3]mlx5_3:1/IB [RO]; OOB ib0:10.128.9.229<0>
lrdn0241:1169849:1169912 [0] NCCL INFO Using non-device net plugin version 0
lrdn0241:1169849:1169912 [0] NCCL INFO Using network IB
lrdn0241:1169850:1169913 [1] NCCL INFO NET/IB : Using [0]mlx5_0:1/IB [1]mlx5_1:1/IB [2]mlx5_2:1/IB [3]mlx5_3:1/IB [RO]; OOB ib0:10.128.9.229<0>
lrdn0241:1169850:1169913 [1] NCCL INFO Using non-device net plugin version 0
lrdn0241:1169850:1169913 [1] NCCL INFO Using network IB
lrdn0331:4027674:4027737 [1] NCCL INFO NET/IB : Using [0]mlx5_0:1/IB [1]mlx5_1:1/IB [2]mlx5_2:1/IB [3]mlx5_3:1/IB [RO]; OOB ib0:10.128.11.77<0>
lrdn0331:4027674:4027737 [1] NCCL INFO Using non-device net plugin version 0
lrdn0331:4027674:4027737 [1] NCCL INFO Using network IB
lrdn0024:1740868:1740942 [0] NCCL INFO comm 0x93b3a90 rank 0 nranks 16 cudaDev 0 nvmlDev 0 busId 1d000 commId 0x6a76a81ee648269 - Init START
lrdn0024:1740869:1740943 [1] NCCL INFO comm 0xa6ff1a0 rank 1 nranks 16 cudaDev 1 nvmlDev 1 busId 56000 commId 0x6a76a81ee648269 - Init START
lrdn0241:1169850:1169913 [1] NCCL INFO comm 0x99da6d0 rank 5 nranks 16 cudaDev 1 nvmlDev 1 busId 56000 commId 0x6a76a81ee648269 - Init START
lrdn0267:1091244:1091306 [1] NCCL INFO comm 0xadecd60 rank 9 nranks 16 cudaDev 1 nvmlDev 1 busId 56000 commId 0x6a76a81ee648269 - Init START
lrdn0241:1169851:1169910 [2] NCCL INFO comm 0x915cb20 rank 6 nranks 16 cudaDev 2 nvmlDev 2 busId 8f000 commId 0x6a76a81ee648269 - Init START
lrdn0267:1091243:1091305 [0] NCCL INFO comm 0xa3df0c0 rank 8 nranks 16 cudaDev 0 nvmlDev 0 busId 1d000 commId 0x6a76a81ee648269 - Init START
lrdn0331:4027676:4027735 [3] NCCL INFO comm 0x904ff30 rank 15 nranks 16 cudaDev 3 nvmlDev 3 busId c8000 commId 0x6a76a81ee648269 - Init START
lrdn0241:1169852:1169911 [3] NCCL INFO comm 0xa558c80 rank 7 nranks 16 cudaDev 3 nvmlDev 3 busId c8000 commId 0x6a76a81ee648269 - Init START
lrdn0024:1740871:1740944 [3] NCCL INFO comm 0xa62db40 rank 3 nranks 16 cudaDev 3 nvmlDev 3 busId c8000 commId 0x6a76a81ee648269 - Init START
lrdn0024:1740870:1740945 [2] NCCL INFO comm 0x99a2460 rank 2 nranks 16 cudaDev 2 nvmlDev 2 busId 8f000 commId 0x6a76a81ee648269 - Init START
lrdn0331:4027675:4027734 [2] NCCL INFO comm 0xa393ec0 rank 14 nranks 16 cudaDev 2 nvmlDev 2 busId 8f000 commId 0x6a76a81ee648269 - Init START
lrdn0331:4027674:4027737 [1] NCCL INFO comm 0xaa90d70 rank 13 nranks 16 cudaDev 1 nvmlDev 1 busId 56000 commId 0x6a76a81ee648269 - Init START
lrdn0241:1169849:1169912 [0] NCCL INFO comm 0xa1e1680 rank 4 nranks 16 cudaDev 0 nvmlDev 0 busId 1d000 commId 0x6a76a81ee648269 - Init START
lrdn0331:4027673:4027736 [0] NCCL INFO comm 0xaa01800 rank 12 nranks 16 cudaDev 0 nvmlDev 0 busId 1d000 commId 0x6a76a81ee648269 - Init START
lrdn0267:1091246:1091304 [3] NCCL INFO comm 0x96b8140 rank 11 nranks 16 cudaDev 3 nvmlDev 3 busId c8000 commId 0x6a76a81ee648269 - Init START
lrdn0267:1091245:1091307 [2] NCCL INFO comm 0x958cfb0 rank 10 nranks 16 cudaDev 2 nvmlDev 2 busId 8f000 commId 0x6a76a81ee648269 - Init START
lrdn0241:1169850:1169913 [1] NCCL INFO Setting affinity for GPU 1 to ff00
lrdn0241:1169850:1169913 [1] NCCL INFO NVLS multicast support is not available on dev 1
lrdn0267:1091246:1091304 [3] NCCL INFO NVLS multicast support is not available on dev 3
lrdn0241:1169849:1169912 [0] NCCL INFO Setting affinity for GPU 0 to ff
lrdn0241:1169849:1169912 [0] NCCL INFO NVLS multicast support is not available on dev 0
lrdn0267:1091244:1091306 [1] NCCL INFO Setting affinity for GPU 1 to ff00
lrdn0267:1091244:1091306 [1] NCCL INFO NVLS multicast support is not available on dev 1
lrdn0024:1740871:1740944 [3] NCCL INFO NVLS multicast support is not available on dev 3
lrdn0024:1740869:1740943 [1] NCCL INFO Setting affinity for GPU 1 to ff00
lrdn0024:1740869:1740943 [1] NCCL INFO NVLS multicast support is not available on dev 1
lrdn0024:1740868:1740942 [0] NCCL INFO Setting affinity for GPU 0 to ff
lrdn0024:1740868:1740942 [0] NCCL INFO NVLS multicast support is not available on dev 0
lrdn0241:1169852:1169911 [3] NCCL INFO NVLS multicast support is not available on dev 3
lrdn0267:1091243:1091305 [0] NCCL INFO Setting affinity for GPU 0 to ff
lrdn0267:1091243:1091305 [0] NCCL INFO NVLS multicast support is not available on dev 0
lrdn0024:1740870:1740945 [2] NCCL INFO NVLS multicast support is not available on dev 2
lrdn0331:4027675:4027734 [2] NCCL INFO NVLS multicast support is not available on dev 2
lrdn0241:1169851:1169910 [2] NCCL INFO NVLS multicast support is not available on dev 2
lrdn0331:4027674:4027737 [1] NCCL INFO Setting affinity for GPU 1 to ff00
lrdn0331:4027674:4027737 [1] NCCL INFO NVLS multicast support is not available on dev 1
lrdn0331:4027673:4027736 [0] NCCL INFO Setting affinity for GPU 0 to ff
lrdn0331:4027673:4027736 [0] NCCL INFO NVLS multicast support is not available on dev 0
lrdn0267:1091245:1091307 [2] NCCL INFO NVLS multicast support is not available on dev 2
lrdn0331:4027676:4027735 [3] NCCL INFO NVLS multicast support is not available on dev 3
lrdn0024:1740868:1740942 [0] NCCL INFO Channel 00/08 :    0   1   2   3   4   5   6   7   8   9  10  11  12  13  14  15
lrdn0024:1740868:1740942 [0] NCCL INFO Channel 01/08 :    0   3   2   5   4   7   6   9   8  11  10  13  12  15  14   1
lrdn0024:1740868:1740942 [0] NCCL INFO Channel 02/08 :    0   3   6   5   4   7  10   9   8  11  14  13  12  15   2   1
lrdn0024:1740868:1740942 [0] NCCL INFO Channel 03/08 :    0   7   6   5   4  11  10   9   8  15  14  13  12   3   2   1
lrdn0024:1740868:1740942 [0] NCCL INFO Channel 04/08 :    0   1   2   3   4   5   6   7   8   9  10  11  12  13  14  15
lrdn0024:1740869:1740943 [1] NCCL INFO Trees [0] 2/-1/-1->1->0 [1] 2/-1/-1->1->0 [2] -1/-1/-1->1->0 [3] 2/-1/-1->1->3 [4] 2/-1/-1->1->0 [5] 2/-1/-1->1->0 [6] -1/-1/-1->1->0 [7] 2/-1/-1->1->3
lrdn0024:1740869:1740943 [1] NCCL INFO P2P Chunksize set to 131072
lrdn0024:1740868:1740942 [0] NCCL INFO Channel 05/08 :    0   3   2   5   4   7   6   9   8  11  10  13  12  15  14   1
lrdn0024:1740868:1740942 [0] NCCL INFO Channel 06/08 :    0   3   6   5   4   7  10   9   8  11  14  13  12  15   2   1
lrdn0024:1740868:1740942 [0] NCCL INFO Channel 07/08 :    0   7   6   5   4  11  10   9   8  15  14  13  12   3   2   1
lrdn0024:1740868:1740942 [0] NCCL INFO Trees [0] 1/8/-1->0->-1 [1] 1/8/-1->0->-1 [2] 1/-1/-1->0->3 [3] -1/-1/-1->0->2 [4] 1/-1/-1->0->4 [5] 1/-1/-1->0->4 [6] 1/-1/-1->0->3 [7] -1/-1/-1->0->2
lrdn0024:1740868:1740942 [0] NCCL INFO P2P Chunksize set to 131072
lrdn0024:1740871:1740944 [3] NCCL INFO Trees [0] -1/-1/-1->3->2 [1] -1/-1/-1->3->2 [2] 0/-1/-1->3->2 [3] 1/11/-1->3->-1 [4] -1/-1/-1->3->2 [5] -1/-1/-1->3->2 [6] 0/-1/-1->3->2 [7] 1/-1/-1->3->7
lrdn0024:1740871:1740944 [3] NCCL INFO P2P Chunksize set to 131072
lrdn0024:1740870:1740945 [2] NCCL INFO Trees [0] 3/-1/-1->2->1 [1] 3/-1/-1->2->1 [2] 3/10/-1->2->-1 [3] 0/-1/-1->2->1 [4] 3/-1/-1->2->1 [5] 3/-1/-1->2->1 [6] 3/-1/-1->2->6 [7] 0/-1/-1->2->1
lrdn0024:1740870:1740945 [2] NCCL INFO P2P Chunksize set to 131072
lrdn0331:4027676:4027735 [3] NCCL INFO Trees [0] -1/-1/-1->15->14 [1] -1/-1/-1->15->14 [2] 12/-1/-1->15->14 [3] 13/-1/-1->15->11 [4] -1/-1/-1->15->14 [5] -1/-1/-1->15->14 [6] 12/-1/-1->15->14 [7] 13/7/-1->15->-1
lrdn0331:4027676:4027735 [3] NCCL INFO P2P Chunksize set to 131072
lrdn0241:1169850:1169913 [1] NCCL INFO Trees [0] 6/-1/-1->5->4 [1] 6/-1/-1->5->4 [2] -1/-1/-1->5->4 [3] 6/-1/-1->5->7 [4] 6/8/-1->5->4 [5] 6/8/-1->5->4 [6] -1/-1/-1->5->4 [7] 6/11/-1->5->7
lrdn0241:1169850:1169913 [1] NCCL INFO P2P Chunksize set to 131072
lrdn0331:4027675:4027734 [2] NCCL INFO Trees [0] 15/-1/-1->14->13 [1] 15/-1/-1->14->13 [2] 15/-1/-1->14->10 [3] 12/-1/-1->14->13 [4] 15/-1/-1->14->13 [5] 15/-1/-1->14->13 [6] 15/6/-1->14->-1 [7] 12/-1/-1->14->13
lrdn0331:4027675:4027734 [2] NCCL INFO P2P Chunksize set to 131072
lrdn0241:1169849:1169912 [0] NCCL INFO Trees [0] 5/-1/-1->4->9 [1] 5/-1/-1->4->9 [2] 5/-1/-1->4->7 [3] -1/-1/-1->4->6 [4] 5/0/-1->4->12 [5] 5/0/-1->4->12 [6] 5/-1/-1->4->7 [7] -1/-1/-1->4->6
lrdn0241:1169849:1169912 [0] NCCL INFO P2P Chunksize set to 131072
lrdn0331:4027674:4027737 [1] NCCL INFO Trees [0] 14/-1/-1->13->12 [1] 14/-1/-1->13->12 [2] -1/-1/-1->13->12 [3] 14/-1/-1->13->15 [4] 14/-1/-1->13->12 [5] 14/-1/-1->13->12 [6] -1/-1/-1->13->12 [7] 14/-1/-1->13->15
lrdn0331:4027674:4027737 [1] NCCL INFO P2P Chunksize set to 131072
lrdn0241:1169852:1169911 [3] NCCL INFO Trees [0] -1/-1/-1->7->6 [1] -1/-1/-1->7->6 [2] 4/-1/-1->7->6 [3] 5/-1/-1->7->9 [4] -1/-1/-1->7->6 [5] -1/-1/-1->7->6 [6] 4/10/-1->7->6 [7] 5/3/-1->7->15
lrdn0241:1169852:1169911 [3] NCCL INFO P2P Chunksize set to 131072
lrdn0241:1169851:1169910 [2] NCCL INFO Trees [0] 7/-1/-1->6->5 [1] 7/-1/-1->6->5 [2] 7/-1/-1->6->11 [3] 4/-1/-1->6->5 [4] 7/-1/-1->6->5 [5] 7/-1/-1->6->5 [6] 7/2/-1->6->14 [7] 4/-1/-1->6->5
lrdn0241:1169851:1169910 [2] NCCL INFO P2P Chunksize set to 131072
lrdn0331:4027673:4027736 [0] NCCL INFO Trees [0] 13/-1/-1->12->8 [1] 13/-1/-1->12->8 [2] 13/-1/-1->12->15 [3] -1/-1/-1->12->14 [4] 13/4/-1->12->-1 [5] 13/4/-1->12->-1 [6] 13/-1/-1->12->15 [7] -1/-1/-1->12->14
lrdn0331:4027673:4027736 [0] NCCL INFO P2P Chunksize set to 131072
lrdn0267:1091243:1091305 [0] NCCL INFO Trees [0] 9/12/-1->8->0 [1] 9/12/-1->8->0 [2] 9/-1/-1->8->11 [3] -1/-1/-1->8->10 [4] 9/-1/-1->8->5 [5] 9/-1/-1->8->5 [6] 9/-1/-1->8->11 [7] -1/-1/-1->8->10
lrdn0267:1091243:1091305 [0] NCCL INFO P2P Chunksize set to 131072
lrdn0267:1091244:1091306 [1] NCCL INFO Trees [0] 10/4/-1->9->8 [1] 10/4/-1->9->8 [2] -1/-1/-1->9->8 [3] 10/7/-1->9->11 [4] 10/-1/-1->9->8 [5] 10/-1/-1->9->8 [6] -1/-1/-1->9->8 [7] 10/-1/-1->9->11
lrdn0267:1091244:1091306 [1] NCCL INFO P2P Chunksize set to 131072
lrdn0267:1091245:1091307 [2] NCCL INFO Trees [0] 11/-1/-1->10->9 [1] 11/-1/-1->10->9 [2] 11/14/-1->10->2 [3] 8/-1/-1->10->9 [4] 11/-1/-1->10->9 [5] 11/-1/-1->10->9 [6] 11/-1/-1->10->7 [7] 8/-1/-1->10->9
lrdn0267:1091245:1091307 [2] NCCL INFO P2P Chunksize set to 131072
lrdn0267:1091246:1091304 [3] NCCL INFO Trees [0] -1/-1/-1->11->10 [1] -1/-1/-1->11->10 [2] 8/6/-1->11->10 [3] 9/15/-1->11->3 [4] -1/-1/-1->11->10 [5] -1/-1/-1->11->10 [6] 8/-1/-1->11->10 [7] 9/-1/-1->11->5
lrdn0267:1091246:1091304 [3] NCCL INFO P2P Chunksize set to 131072
lrdn0331:4027674:4027737 [1] NCCL INFO Channel 00/0 : 13[1] -> 14[2] via P2P/CUMEM/read
lrdn0267:1091245:1091307 [2] NCCL INFO Channel 00/0 : 10[2] -> 11[3] via P2P/CUMEM/read
lrdn0331:4027674:4027737 [1] NCCL INFO Channel 04/0 : 13[1] -> 14[2] via P2P/CUMEM/read
lrdn0241:1169850:1169913 [1] NCCL INFO Channel 00/0 : 5[1] -> 6[2] via P2P/CUMEM/read
lrdn0331:4027675:4027734 [2] NCCL INFO Channel 00/0 : 14[2] -> 15[3] via P2P/CUMEM/read
lrdn0267:1091244:1091306 [1] NCCL INFO Channel 00/0 : 9[1] -> 10[2] via P2P/CUMEM/read
lrdn0267:1091244:1091306 [1] NCCL INFO Channel 04/0 : 9[1] -> 10[2] via P2P/CUMEM/read
lrdn0241:1169851:1169910 [2] NCCL INFO Channel 00/0 : 6[2] -> 7[3] via P2P/CUMEM/read
lrdn0241:1169851:1169910 [2] NCCL INFO Channel 04/0 : 6[2] -> 7[3] via P2P/CUMEM/read
lrdn0331:4027675:4027734 [2] NCCL INFO Channel 04/0 : 14[2] -> 15[3] via P2P/CUMEM/read
lrdn0267:1091245:1091307 [2] NCCL INFO Channel 04/0 : 10[2] -> 11[3] via P2P/CUMEM/read
lrdn0241:1169850:1169913 [1] NCCL INFO Channel 04/0 : 5[1] -> 6[2] via P2P/CUMEM/read
lrdn0024:1740869:1740943 [1] NCCL INFO Channel 00/0 : 1[1] -> 2[2] via P2P/CUMEM/read
lrdn0024:1740870:1740945 [2] NCCL INFO Channel 00/0 : 2[2] -> 3[3] via P2P/CUMEM/read
lrdn0024:1740869:1740943 [1] NCCL INFO Channel 04/0 : 1[1] -> 2[2] via P2P/CUMEM/read
lrdn0024:1740870:1740945 [2] NCCL INFO Channel 04/0 : 2[2] -> 3[3] via P2P/CUMEM/read
lrdn0267:1091243:1091305 [0] NCCL INFO Channel 00/0 : 7[3] -> 8[0] [receive] via NET/IB/0/GDRDMA
lrdn0267:1091246:1091304 [3] NCCL INFO Channel 00/0 : 11[3] -> 12[0] [send] via NET/IB/0(8)/GDRDMA
lrdn0331:4027673:4027736 [0] NCCL INFO Channel 00/0 : 11[3] -> 12[0] [receive] via NET/IB/0/GDRDMA
lrdn0331:4027676:4027735 [3] NCCL INFO Channel 00/0 : 15[3] -> 0[0] [send] via NET/IB/0(12)/GDRDMA
lrdn0267:1091243:1091305 [0] NCCL INFO Channel 04/0 : 7[3] -> 8[0] [receive] via NET/IB/0/GDRDMA
lrdn0267:1091243:1091305 [0] NCCL INFO Channel 00/0 : 8[0] -> 9[1] via P2P/CUMEM/read
lrdn0331:4027673:4027736 [0] NCCL INFO Channel 04/0 : 11[3] -> 12[0] [receive] via NET/IB/0/GDRDMA
lrdn0267:1091246:1091304 [3] NCCL INFO Channel 04/0 : 11[3] -> 12[0] [send] via NET/IB/0(8)/GDRDMA
lrdn0331:4027673:4027736 [0] NCCL INFO Channel 00/0 : 12[0] -> 13[1] via P2P/CUMEM/read
lrdn0241:1169849:1169912 [0] NCCL INFO Channel 00/0 : 3[3] -> 4[0] [receive] via NET/IB/0/GDRDMA
lrdn0241:1169852:1169911 [3] NCCL INFO Channel 00/0 : 7[3] -> 8[0] [send] via NET/IB/0(4)/GDRDMA
lrdn0331:4027676:4027735 [3] NCCL INFO Channel 04/0 : 15[3] -> 0[0] [send] via NET/IB/0(12)/GDRDMA
lrdn0241:1169849:1169912 [0] NCCL INFO Channel 04/0 : 3[3] -> 4[0] [receive] via NET/IB/0/GDRDMA
lrdn0241:1169849:1169912 [0] NCCL INFO Channel 00/0 : 4[0] -> 5[1] via P2P/CUMEM/read
lrdn0331:4027673:4027736 [0] NCCL INFO Channel 04/0 : 12[0] -> 13[1] via P2P/CUMEM/read
lrdn0267:1091243:1091305 [0] NCCL INFO Channel 04/0 : 8[0] -> 9[1] via P2P/CUMEM/read
lrdn0241:1169852:1169911 [3] NCCL INFO Channel 04/0 : 7[3] -> 8[0] [send] via NET/IB/0(4)/GDRDMA
lrdn0241:1169849:1169912 [0] NCCL INFO Channel 04/0 : 4[0] -> 5[1] via P2P/CUMEM/read
lrdn0024:1740868:1740942 [0] NCCL INFO Channel 00/0 : 15[3] -> 0[0] [receive] via NET/IB/0/GDRDMA
lrdn0024:1740871:1740944 [3] NCCL INFO Channel 00/0 : 3[3] -> 4[0] [send] via NET/IB/0(0)/GDRDMA
lrdn0331:4027673:4027736 [0] NCCL INFO Channel 01/0 : 12[0] -> 15[3] via P2P/CUMEM/read
lrdn0267:1091243:1091305 [0] NCCL INFO Channel 01/0 : 8[0] -> 11[3] via P2P/CUMEM/read
lrdn0024:1740868:1740942 [0] NCCL INFO Channel 04/0 : 15[3] -> 0[0] [receive] via NET/IB/0/GDRDMA
lrdn0024:1740871:1740944 [3] NCCL INFO Channel 04/0 : 3[3] -> 4[0] [send] via NET/IB/0(0)/GDRDMA
lrdn0024:1740868:1740942 [0] NCCL INFO Channel 00/0 : 0[0] -> 1[1] via P2P/CUMEM/read
lrdn0331:4027673:4027736 [0] NCCL INFO Channel 02/0 : 12[0] -> 15[3] via P2P/CUMEM/read
lrdn0267:1091243:1091305 [0] NCCL INFO Channel 02/0 : 8[0] -> 11[3] via P2P/CUMEM/read
lrdn0241:1169849:1169912 [0] NCCL INFO Channel 01/0 : 4[0] -> 7[3] via P2P/CUMEM/read
lrdn0024:1740868:1740942 [0] NCCL INFO Channel 04/0 : 0[0] -> 1[1] via P2P/CUMEM/read
lrdn0331:4027673:4027736 [0] NCCL INFO Channel 05/0 : 12[0] -> 15[3] via P2P/CUMEM/read
lrdn0267:1091243:1091305 [0] NCCL INFO Channel 05/0 : 8[0] -> 11[3] via P2P/CUMEM/read
lrdn0331:4027673:4027736 [0] NCCL INFO Channel 06/0 : 12[0] -> 15[3] via P2P/CUMEM/read
lrdn0241:1169849:1169912 [0] NCCL INFO Channel 02/0 : 4[0] -> 7[3] via P2P/CUMEM/read
lrdn0267:1091243:1091305 [0] NCCL INFO Channel 06/0 : 8[0] -> 11[3] via P2P/CUMEM/read
lrdn0024:1740868:1740942 [0] NCCL INFO Channel 01/0 : 0[0] -> 3[3] via P2P/CUMEM/read
lrdn0241:1169849:1169912 [0] NCCL INFO Channel 05/0 : 4[0] -> 7[3] via P2P/CUMEM/read
lrdn0241:1169849:1169912 [0] NCCL INFO Channel 06/0 : 4[0] -> 7[3] via P2P/CUMEM/read
lrdn0024:1740868:1740942 [0] NCCL INFO Channel 02/0 : 0[0] -> 3[3] via P2P/CUMEM/read
lrdn0024:1740868:1740942 [0] NCCL INFO Channel 05/0 : 0[0] -> 3[3] via P2P/CUMEM/read
lrdn0024:1740868:1740942 [0] NCCL INFO Channel 06/0 : 0[0] -> 3[3] via P2P/CUMEM/read
lrdn0267:1091245:1091307 [2] NCCL INFO Channel 02/0 : 7[3] -> 10[2] [receive] via NET/IB/2/GDRDMA
lrdn0267:1091246:1091304 [3] NCCL INFO Channel 02/0 : 11[3] -> 14[2] [send] via NET/IB/2(10)/GDRDMA
lrdn0331:4027675:4027734 [2] NCCL INFO Channel 02/0 : 11[3] -> 14[2] [receive] via NET/IB/2/GDRDMA
lrdn0331:4027676:4027735 [3] NCCL INFO Channel 02/0 : 15[3] -> 2[2] [send] via NET/IB/2(14)/GDRDMA
lrdn0267:1091245:1091307 [2] NCCL INFO Channel 06/0 : 7[3] -> 10[2] [receive] via NET/IB/2/GDRDMA
lrdn0267:1091246:1091304 [3] NCCL INFO Channel 06/0 : 11[3] -> 14[2] [send] via NET/IB/2(10)/GDRDMA
lrdn0331:4027675:4027734 [2] NCCL INFO Channel 06/0 : 11[3] -> 14[2] [receive] via NET/IB/2/GDRDMA
lrdn0331:4027676:4027735 [3] NCCL INFO Channel 06/0 : 15[3] -> 2[2] [send] via NET/IB/2(14)/GDRDMA
lrdn0241:1169851:1169910 [2] NCCL INFO Channel 02/0 : 3[3] -> 6[2] [receive] via NET/IB/2/GDRDMA
lrdn0241:1169852:1169911 [3] NCCL INFO Channel 02/0 : 7[3] -> 10[2] [send] via NET/IB/2(6)/GDRDMA
lrdn0241:1169851:1169910 [2] NCCL INFO Channel 06/0 : 3[3] -> 6[2] [receive] via NET/IB/2/GDRDMA
lrdn0241:1169852:1169911 [3] NCCL INFO Channel 06/0 : 7[3] -> 10[2] [send] via NET/IB/2(6)/GDRDMA
lrdn0331:4027674:4027737 [1] NCCL INFO Channel 01/0 : 10[2] -> 13[1] [receive] via NET/IB/1/GDRDMA
lrdn0267:1091244:1091306 [1] NCCL INFO Channel 01/0 : 6[2] -> 9[1] [receive] via NET/IB/1/GDRDMA
lrdn0267:1091245:1091307 [2] NCCL INFO Channel 01/0 : 10[2] -> 13[1] [send] via NET/IB/1(9)/GDRDMA
lrdn0267:1091244:1091306 [1] NCCL INFO Channel 05/0 : 6[2] -> 9[1] [receive] via NET/IB/1/GDRDMA
lrdn0331:4027675:4027734 [2] NCCL INFO Channel 01/0 : 14[2] -> 1[1] [send] via NET/IB/1(13)/GDRDMA
lrdn0267:1091245:1091307 [2] NCCL INFO Channel 05/0 : 10[2] -> 13[1] [send] via NET/IB/1(9)/GDRDMA
lrdn0331:4027674:4027737 [1] NCCL INFO Channel 05/0 : 10[2] -> 13[1] [receive] via NET/IB/1/GDRDMA
lrdn0024:1740870:1740945 [2] NCCL INFO Channel 02/0 : 15[3] -> 2[2] [receive] via NET/IB/2/GDRDMA
lrdn0331:4027675:4027734 [2] NCCL INFO Channel 05/0 : 14[2] -> 1[1] [send] via NET/IB/1(13)/GDRDMA
lrdn0024:1740871:1740944 [3] NCCL INFO Channel 02/0 : 3[3] -> 6[2] [send] via NET/IB/2(2)/GDRDMA
lrdn0024:1740870:1740945 [2] NCCL INFO Channel 06/0 : 15[3] -> 2[2] [receive] via NET/IB/2/GDRDMA
lrdn0024:1740871:1740944 [3] NCCL INFO Channel 06/0 : 3[3] -> 6[2] [send] via NET/IB/2(2)/GDRDMA
lrdn0241:1169850:1169913 [1] NCCL INFO Channel 01/0 : 2[2] -> 5[1] [receive] via NET/IB/1/GDRDMA
lrdn0241:1169851:1169910 [2] NCCL INFO Channel 01/0 : 6[2] -> 9[1] [send] via NET/IB/1(5)/GDRDMA
lrdn0241:1169850:1169913 [1] NCCL INFO Channel 05/0 : 2[2] -> 5[1] [receive] via NET/IB/1/GDRDMA
lrdn0241:1169851:1169910 [2] NCCL INFO Channel 05/0 : 6[2] -> 9[1] [send] via NET/IB/1(5)/GDRDMA
lrdn0024:1740869:1740943 [1] NCCL INFO Channel 01/0 : 14[2] -> 1[1] [receive] via NET/IB/1/GDRDMA
lrdn0024:1740870:1740945 [2] NCCL INFO Channel 01/0 : 2[2] -> 5[1] [send] via NET/IB/1(1)/GDRDMA
lrdn0024:1740869:1740943 [1] NCCL INFO Channel 05/0 : 14[2] -> 1[1] [receive] via NET/IB/1/GDRDMA
lrdn0024:1740870:1740945 [2] NCCL INFO Channel 05/0 : 2[2] -> 5[1] [send] via NET/IB/1(1)/GDRDMA
lrdn0331:4027674:4027737 [1] NCCL INFO Channel 01/0 : 13[1] -> 12[0] via P2P/CUMEM/read
lrdn0267:1091245:1091307 [2] NCCL INFO Channel 02/0 : 10[2] -> 9[1] via P2P/CUMEM/read
lrdn0331:4027674:4027737 [1] NCCL INFO Channel 02/0 : 13[1] -> 12[0] via P2P/CUMEM/read
lrdn0267:1091245:1091307 [2] NCCL INFO Channel 03/0 : 10[2] -> 9[1] via P2P/CUMEM/read
lrdn0241:1169851:1169910 [2] NCCL INFO Channel 02/0 : 6[2] -> 5[1] via P2P/CUMEM/read
lrdn0267:1091244:1091306 [1] NCCL INFO Channel 01/0 : 9[1] -> 8[0] via P2P/CUMEM/read
lrdn0331:4027674:4027737 [1] NCCL INFO Channel 03/0 : 13[1] -> 12[0] via P2P/CUMEM/read
lrdn0267:1091245:1091307 [2] NCCL INFO Channel 06/0 : 10[2] -> 9[1] via P2P/CUMEM/read
lrdn0241:1169851:1169910 [2] NCCL INFO Channel 03/0 : 6[2] -> 5[1] via P2P/CUMEM/read
lrdn0267:1091244:1091306 [1] NCCL INFO Channel 02/0 : 9[1] -> 8[0] via P2P/CUMEM/read
lrdn0331:4027674:4027737 [1] NCCL INFO Channel 05/0 : 13[1] -> 12[0] via P2P/CUMEM/read
lrdn0267:1091245:1091307 [2] NCCL INFO Channel 07/0 : 10[2] -> 9[1] via P2P/CUMEM/read
lrdn0024:1740869:1740943 [1] NCCL INFO Channel 01/0 : 1[1] -> 0[0] via P2P/CUMEM/read
lrdn0267:1091244:1091306 [1] NCCL INFO Channel 03/0 : 9[1] -> 8[0] via P2P/CUMEM/read
lrdn0331:4027675:4027734 [2] NCCL INFO Channel 02/0 : 14[2] -> 13[1] via P2P/CUMEM/read
lrdn0241:1169851:1169910 [2] NCCL INFO Channel 06/0 : 6[2] -> 5[1] via P2P/CUMEM/read
lrdn0331:4027674:4027737 [1] NCCL INFO Channel 06/0 : 13[1] -> 12[0] via P2P/CUMEM/read
lrdn0267:1091244:1091306 [1] NCCL INFO Channel 05/0 : 9[1] -> 8[0] via P2P/CUMEM/read
lrdn0024:1740869:1740943 [1] NCCL INFO Channel 02/0 : 1[1] -> 0[0] via P2P/CUMEM/read
lrdn0331:4027675:4027734 [2] NCCL INFO Channel 03/0 : 14[2] -> 13[1] via P2P/CUMEM/read
lrdn0241:1169851:1169910 [2] NCCL INFO Channel 07/0 : 6[2] -> 5[1] via P2P/CUMEM/read
lrdn0024:1740870:1740945 [2] NCCL INFO Channel 02/0 : 2[2] -> 1[1] via P2P/CUMEM/read
lrdn0331:4027674:4027737 [1] NCCL INFO Channel 07/0 : 13[1] -> 12[0] via P2P/CUMEM/read
lrdn0267:1091244:1091306 [1] NCCL INFO Channel 06/0 : 9[1] -> 8[0] via P2P/CUMEM/read
lrdn0024:1740869:1740943 [1] NCCL INFO Channel 03/0 : 1[1] -> 0[0] via P2P/CUMEM/read
lrdn0241:1169850:1169913 [1] NCCL INFO Channel 01/0 : 5[1] -> 4[0] via P2P/CUMEM/read
lrdn0331:4027675:4027734 [2] NCCL INFO Channel 06/0 : 14[2] -> 13[1] via P2P/CUMEM/read
lrdn0024:1740870:1740945 [2] NCCL INFO Channel 03/0 : 2[2] -> 1[1] via P2P/CUMEM/read
lrdn0267:1091244:1091306 [1] NCCL INFO Channel 07/0 : 9[1] -> 8[0] via P2P/CUMEM/read
lrdn0024:1740869:1740943 [1] NCCL INFO Channel 05/0 : 1[1] -> 0[0] via P2P/CUMEM/read
lrdn0267:1091243:1091305 [0] NCCL INFO Channel 03/0 : 8[0] -> 15[3] [send] via NET/IB/3(11)/GDRDMA
lrdn0241:1169850:1169913 [1] NCCL INFO Channel 02/0 : 5[1] -> 4[0] via P2P/CUMEM/read
lrdn0331:4027675:4027734 [2] NCCL INFO Channel 07/0 : 14[2] -> 13[1] via P2P/CUMEM/read
lrdn0024:1740870:1740945 [2] NCCL INFO Channel 06/0 : 2[2] -> 1[1] via P2P/CUMEM/read
lrdn0267:1091246:1091304 [3] NCCL INFO Channel 03/0 : 4[0] -> 11[3] [receive] via NET/IB/3/GDRDMA
lrdn0267:1091243:1091305 [0] NCCL INFO Channel 07/0 : 8[0] -> 15[3] [send] via NET/IB/3(11)/GDRDMA
lrdn0331:4027673:4027736 [0] NCCL INFO Channel 03/0 : 12[0] -> 3[3] [send] via NET/IB/3(15)/GDRDMA
lrdn0267:1091246:1091304 [3] NCCL INFO Channel 07/0 : 4[0] -> 11[3] [receive] via NET/IB/3/GDRDMA
lrdn0331:4027676:4027735 [3] NCCL INFO Channel 03/0 : 8[0] -> 15[3] [receive] via NET/IB/3/GDRDMA
lrdn0024:1740869:1740943 [1] NCCL INFO Channel 06/0 : 1[1] -> 0[0] via P2P/CUMEM/read
lrdn0331:4027673:4027736 [0] NCCL INFO Channel 07/0 : 12[0] -> 3[3] [send] via NET/IB/3(15)/GDRDMA
lrdn0024:1740870:1740945 [2] NCCL INFO Channel 07/0 : 2[2] -> 1[1] via P2P/CUMEM/read
lrdn0241:1169850:1169913 [1] NCCL INFO Channel 03/0 : 5[1] -> 4[0] via P2P/CUMEM/read
lrdn0331:4027676:4027735 [3] NCCL INFO Channel 07/0 : 8[0] -> 15[3] [receive] via NET/IB/3/GDRDMA
lrdn0241:1169849:1169912 [0] NCCL INFO Channel 03/0 : 4[0] -> 11[3] [send] via NET/IB/3(7)/GDRDMA
lrdn0331:4027676:4027735 [3] NCCL INFO Channel 01/0 : 15[3] -> 14[2] via P2P/CUMEM/read
lrdn0241:1169852:1169911 [3] NCCL INFO Channel 03/0 : 0[0] -> 7[3] [receive] via NET/IB/3/GDRDMA
lrdn0241:1169850:1169913 [1] NCCL INFO Channel 05/0 : 5[1] -> 4[0] via P2P/CUMEM/read
lrdn0024:1740869:1740943 [1] NCCL INFO Channel 07/0 : 1[1] -> 0[0] via P2P/CUMEM/read
lrdn0241:1169849:1169912 [0] NCCL INFO Channel 07/0 : 4[0] -> 11[3] [send] via NET/IB/3(7)/GDRDMA
lrdn0241:1169852:1169911 [3] NCCL INFO Channel 07/0 : 0[0] -> 7[3] [receive] via NET/IB/3/GDRDMA
lrdn0241:1169850:1169913 [1] NCCL INFO Channel 06/0 : 5[1] -> 4[0] via P2P/CUMEM/read
lrdn0267:1091246:1091304 [3] NCCL INFO Channel 01/0 : 11[3] -> 10[2] via P2P/CUMEM/read
lrdn0331:4027676:4027735 [3] NCCL INFO Channel 03/0 : 15[3] -> 14[2] via P2P/CUMEM/read
lrdn0024:1740868:1740942 [0] NCCL INFO Channel 03/0 : 0[0] -> 7[3] [send] via NET/IB/3(3)/GDRDMA
lrdn0024:1740871:1740944 [3] NCCL INFO Channel 03/0 : 12[0] -> 3[3] [receive] via NET/IB/3/GDRDMA
lrdn0241:1169850:1169913 [1] NCCL INFO Channel 07/0 : 5[1] -> 4[0] via P2P/CUMEM/read
lrdn0024:1740868:1740942 [0] NCCL INFO Channel 07/0 : 0[0] -> 7[3] [send] via NET/IB/3(3)/GDRDMA
lrdn0024:1740871:1740944 [3] NCCL INFO Channel 07/0 : 12[0] -> 3[3] [receive] via NET/IB/3/GDRDMA
lrdn0331:4027676:4027735 [3] NCCL INFO Channel 05/0 : 15[3] -> 14[2] via P2P/CUMEM/read
lrdn0267:1091246:1091304 [3] NCCL INFO Channel 03/0 : 11[3] -> 10[2] via P2P/CUMEM/read
lrdn0024:1740871:1740944 [3] NCCL INFO Channel 01/0 : 3[3] -> 2[2] via P2P/CUMEM/read
lrdn0331:4027676:4027735 [3] NCCL INFO Channel 07/0 : 15[3] -> 14[2] via P2P/CUMEM/read
lrdn0241:1169852:1169911 [3] NCCL INFO Channel 01/0 : 7[3] -> 6[2] via P2P/CUMEM/read
lrdn0267:1091246:1091304 [3] NCCL INFO Channel 05/0 : 11[3] -> 10[2] via P2P/CUMEM/read
lrdn0024:1740871:1740944 [3] NCCL INFO Channel 03/0 : 3[3] -> 2[2] via P2P/CUMEM/read
lrdn0267:1091246:1091304 [3] NCCL INFO Channel 07/0 : 11[3] -> 10[2] via P2P/CUMEM/read
lrdn0241:1169852:1169911 [3] NCCL INFO Channel 03/0 : 7[3] -> 6[2] via P2P/CUMEM/read
lrdn0024:1740871:1740944 [3] NCCL INFO Channel 05/0 : 3[3] -> 2[2] via P2P/CUMEM/read
lrdn0241:1169852:1169911 [3] NCCL INFO Channel 05/0 : 7[3] -> 6[2] via P2P/CUMEM/read
lrdn0024:1740871:1740944 [3] NCCL INFO Channel 07/0 : 3[3] -> 2[2] via P2P/CUMEM/read
lrdn0241:1169852:1169911 [3] NCCL INFO Channel 07/0 : 7[3] -> 6[2] via P2P/CUMEM/read
lrdn0331:4027676:4027735 [3] NCCL INFO Connected all rings
lrdn0331:4027675:4027734 [2] NCCL INFO Connected all rings
lrdn0331:4027675:4027734 [2] NCCL INFO Channel 01/0 : 14[2] -> 15[3] via P2P/CUMEM/read
lrdn0331:4027675:4027734 [2] NCCL INFO Channel 02/0 : 14[2] -> 15[3] via P2P/CUMEM/read
lrdn0331:4027675:4027734 [2] NCCL INFO Channel 05/0 : 14[2] -> 15[3] via P2P/CUMEM/read
lrdn0331:4027675:4027734 [2] NCCL INFO Channel 06/0 : 14[2] -> 15[3] via P2P/CUMEM/read
lrdn0241:1169849:1169912 [0] NCCL INFO Connected all rings
lrdn0241:1169849:1169912 [0] NCCL INFO Channel 01/0 : 4[0] -> 5[1] via P2P/CUMEM/read
lrdn0024:1740868:1740942 [0] NCCL INFO Connected all rings
lrdn0024:1740868:1740942 [0] NCCL INFO Channel 01/0 : 0[0] -> 1[1] via P2P/CUMEM/read
lrdn0024:1740869:1740943 [1] NCCL INFO Connected all rings
lrdn0241:1169849:1169912 [0] NCCL INFO Channel 02/0 : 4[0] -> 5[1] via P2P/CUMEM/read
lrdn0241:1169850:1169913 [1] NCCL INFO Connected all rings
lrdn0267:1091246:1091304 [3] NCCL INFO Connected all rings
lrdn0267:1091243:1091305 [0] NCCL INFO Connected all rings
lrdn0267:1091243:1091305 [0] NCCL INFO Channel 01/0 : 8[0] -> 9[1] via P2P/CUMEM/read
lrdn0267:1091244:1091306 [1] NCCL INFO Connected all rings
lrdn0331:4027673:4027736 [0] NCCL INFO Connected all rings
lrdn0024:1740870:1740945 [2] NCCL INFO Connected all rings
lrdn0024:1740871:1740944 [3] NCCL INFO Connected all rings
lrdn0267:1091243:1091305 [0] NCCL INFO Channel 02/0 : 8[0] -> 9[1] via P2P/CUMEM/read
lrdn0331:4027673:4027736 [0] NCCL INFO Channel 01/0 : 12[0] -> 13[1] via P2P/CUMEM/read
lrdn0331:4027674:4027737 [1] NCCL INFO Connected all rings
lrdn0024:1740868:1740942 [0] NCCL INFO Channel 02/0 : 0[0] -> 1[1] via P2P/CUMEM/read
lrdn0267:1091245:1091307 [2] NCCL INFO Connected all rings
lrdn0241:1169849:1169912 [0] NCCL INFO Channel 05/0 : 4[0] -> 5[1] via P2P/CUMEM/read
lrdn0241:1169852:1169911 [3] NCCL INFO Connected all rings
lrdn0241:1169851:1169910 [2] NCCL INFO Connected all rings
lrdn0267:1091243:1091305 [0] NCCL INFO Channel 05/0 : 8[0] -> 9[1] via P2P/CUMEM/read
lrdn0331:4027673:4027736 [0] NCCL INFO Channel 02/0 : 12[0] -> 13[1] via P2P/CUMEM/read
lrdn0241:1169849:1169912 [0] NCCL INFO Channel 06/0 : 4[0] -> 5[1] via P2P/CUMEM/read
lrdn0024:1740868:1740942 [0] NCCL INFO Channel 05/0 : 0[0] -> 1[1] via P2P/CUMEM/read
lrdn0331:4027673:4027736 [0] NCCL INFO Channel 05/0 : 12[0] -> 13[1] via P2P/CUMEM/read
lrdn0024:1740868:1740942 [0] NCCL INFO Channel 06/0 : 0[0] -> 1[1] via P2P/CUMEM/read
lrdn0331:4027673:4027736 [0] NCCL INFO Channel 06/0 : 12[0] -> 13[1] via P2P/CUMEM/read
lrdn0267:1091244:1091306 [1] NCCL INFO Channel 01/0 : 9[1] -> 10[2] via P2P/CUMEM/read
lrdn0241:1169850:1169913 [1] NCCL INFO Channel 01/0 : 5[1] -> 6[2] via P2P/CUMEM/read
lrdn0331:4027674:4027737 [1] NCCL INFO Channel 01/0 : 13[1] -> 14[2] via P2P/CUMEM/read
lrdn0024:1740869:1740943 [1] NCCL INFO Channel 01/0 : 1[1] -> 2[2] via P2P/CUMEM/read
lrdn0267:1091245:1091307 [2] NCCL INFO Channel 01/0 : 10[2] -> 11[3] via P2P/CUMEM/read
lrdn0267:1091244:1091306 [1] NCCL INFO Channel 03/0 : 9[1] -> 10[2] via P2P/CUMEM/read
lrdn0331:4027674:4027737 [1] NCCL INFO Channel 03/0 : 13[1] -> 14[2] via P2P/CUMEM/read
lrdn0267:1091245:1091307 [2] NCCL INFO Channel 02/0 : 10[2] -> 11[3] via P2P/CUMEM/read
lrdn0024:1740870:1740945 [2] NCCL INFO Channel 01/0 : 2[2] -> 3[3] via P2P/CUMEM/read
lrdn0241:1169850:1169913 [1] NCCL INFO Channel 03/0 : 5[1] -> 6[2] via P2P/CUMEM/read
lrdn0024:1740869:1740943 [1] NCCL INFO Channel 03/0 : 1[1] -> 2[2] via P2P/CUMEM/read
lrdn0241:1169851:1169910 [2] NCCL INFO Channel 01/0 : 6[2] -> 7[3] via P2P/CUMEM/read
lrdn0241:1169851:1169910 [2] NCCL INFO Channel 02/0 : 6[2] -> 7[3] via P2P/CUMEM/read
lrdn0331:4027674:4027737 [1] NCCL INFO Channel 05/0 : 13[1] -> 14[2] via P2P/CUMEM/read
lrdn0024:1740870:1740945 [2] NCCL INFO Channel 02/0 : 2[2] -> 3[3] via P2P/CUMEM/read
lrdn0241:1169850:1169913 [1] NCCL INFO Channel 05/0 : 5[1] -> 6[2] via P2P/CUMEM/read
lrdn0267:1091244:1091306 [1] NCCL INFO Channel 05/0 : 9[1] -> 10[2] via P2P/CUMEM/read
lrdn0267:1091245:1091307 [2] NCCL INFO Channel 05/0 : 10[2] -> 11[3] via P2P/CUMEM/read
lrdn0024:1740869:1740943 [1] NCCL INFO Channel 05/0 : 1[1] -> 2[2] via P2P/CUMEM/read
lrdn0331:4027674:4027737 [1] NCCL INFO Channel 07/0 : 13[1] -> 14[2] via P2P/CUMEM/read
lrdn0024:1740870:1740945 [2] NCCL INFO Channel 05/0 : 2[2] -> 3[3] via P2P/CUMEM/read
lrdn0241:1169851:1169910 [2] NCCL INFO Channel 05/0 : 6[2] -> 7[3] via P2P/CUMEM/read
lrdn0241:1169850:1169913 [1] NCCL INFO Channel 07/0 : 5[1] -> 6[2] via P2P/CUMEM/read
lrdn0267:1091244:1091306 [1] NCCL INFO Channel 07/0 : 9[1] -> 10[2] via P2P/CUMEM/read
lrdn0024:1740869:1740943 [1] NCCL INFO Channel 07/0 : 1[1] -> 2[2] via P2P/CUMEM/read
lrdn0267:1091245:1091307 [2] NCCL INFO Channel 06/0 : 10[2] -> 11[3] via P2P/CUMEM/read
lrdn0024:1740870:1740945 [2] NCCL INFO Channel 06/0 : 2[2] -> 3[3] via P2P/CUMEM/read
lrdn0331:4027673:4027736 [0] NCCL INFO Channel 03/0 : 12[0] -> 14[2] via P2P/CUMEM/read
lrdn0241:1169851:1169910 [2] NCCL INFO Channel 06/0 : 6[2] -> 7[3] via P2P/CUMEM/read
lrdn0241:1169849:1169912 [0] NCCL INFO Channel 03/0 : 4[0] -> 6[2] via P2P/CUMEM/read
lrdn0024:1740868:1740942 [0] NCCL INFO Channel 03/0 : 0[0] -> 2[2] via P2P/CUMEM/read
lrdn0331:4027673:4027736 [0] NCCL INFO Channel 07/0 : 12[0] -> 14[2] via P2P/CUMEM/read
lrdn0241:1169850:1169913 [1] NCCL INFO Channel 03/0 : 5[1] -> 7[3] via P2P/CUMEM/read
lrdn0024:1740869:1740943 [1] NCCL INFO Channel 03/0 : 1[1] -> 3[3] via P2P/CUMEM/read
lrdn0241:1169849:1169912 [0] NCCL INFO Channel 07/0 : 4[0] -> 6[2] via P2P/CUMEM/read
lrdn0024:1740868:1740942 [0] NCCL INFO Channel 07/0 : 0[0] -> 2[2] via P2P/CUMEM/read
lrdn0331:4027674:4027737 [1] NCCL INFO Channel 03/0 : 13[1] -> 15[3] via P2P/CUMEM/read
lrdn0024:1740869:1740943 [1] NCCL INFO Channel 07/0 : 1[1] -> 3[3] via P2P/CUMEM/read
lrdn0241:1169850:1169913 [1] NCCL INFO Channel 07/0 : 5[1] -> 7[3] via P2P/CUMEM/read
lrdn0331:4027674:4027737 [1] NCCL INFO Channel 07/0 : 13[1] -> 15[3] via P2P/CUMEM/read
lrdn0241:1169852:1169911 [3] NCCL INFO Channel 03/0 : 7[3] -> 9[1] [send] via NET/IB/3/GDRDMA
lrdn0331:4027673:4027736 [0] NCCL INFO Channel 00/0 : 8[0] -> 12[0] [receive] via NET/IB/0/GDRDMA
lrdn0024:1740871:1740944 [3] NCCL INFO Channel 07/0 : 3[3] -> 7[3] [send] via NET/IB/3/GDRDMA
lrdn0024:1740868:1740942 [0] NCCL INFO Channel 04/0 : 0[0] -> 4[0] [send] via NET/IB/0/GDRDMA
lrdn0024:1740870:1740945 [2] NCCL INFO Channel 06/0 : 2[2] -> 6[2] [send] via NET/IB/2/GDRDMA
lrdn0241:1169849:1169912 [0] NCCL INFO Channel 04/0 : 0[0] -> 4[0] [receive] via NET/IB/0/GDRDMA
lrdn0331:4027675:4027734 [2] NCCL INFO Channel 02/0 : 10[2] -> 14[2] [receive] via NET/IB/2/GDRDMA
lrdn0331:4027676:4027735 [3] NCCL INFO Channel 03/0 : 11[3] -> 15[3] [receive] via NET/IB/3/GDRDMA
lrdn0331:4027673:4027736 [0] NCCL INFO Channel 01/0 : 8[0] -> 12[0] [receive] via NET/IB/1/GDRDMA
lrdn0241:1169851:1169910 [2] NCCL INFO Channel 06/0 : 2[2] -> 6[2] [receive] via NET/IB/2/GDRDMA
lrdn0024:1740870:1740945 [2] NCCL INFO Channel 02/0 : 10[2] -> 2[2] [receive] via NET/IB/2/GDRDMA
lrdn0241:1169849:1169912 [0] NCCL INFO Channel 05/0 : 0[0] -> 4[0] [receive] via NET/IB/1/GDRDMA
lrdn0241:1169850:1169913 [1] NCCL INFO Channel 04/0 : 5[1] -> 8[0] [send] via NET/IB/0(4)/GDRDMA
lrdn0024:1740870:1740945 [2] NCCL INFO Channel 02/0 : 2[2] -> 10[2] [send] via NET/IB/2/GDRDMA
lrdn0024:1740868:1740942 [0] NCCL INFO Channel 05/0 : 0[0] -> 4[0] [send] via NET/IB/1(1)/GDRDMA
lrdn0241:1169851:1169910 [2] NCCL INFO Channel 02/0 : 6[2] -> 11[3] [send] via NET/IB/2/GDRDMA
lrdn0241:1169850:1169913 [1] NCCL INFO Channel 05/0 : 5[1] -> 8[0] [send] via NET/IB/1/GDRDMA
lrdn0024:1740868:1740942 [0] NCCL INFO Channel 00/0 : 8[0] -> 0[0] [receive] via NET/IB/0/GDRDMA
lrdn0024:1740868:1740942 [0] NCCL INFO Channel 01/0 : 8[0] -> 0[0] [receive] via NET/IB/1/GDRDMA
lrdn0267:1091243:1091305 [0] NCCL INFO Channel 06/0 : 8[0] -> 9[1] via P2P/CUMEM/read
lrdn0024:1740868:1740942 [0] NCCL INFO Channel 00/0 : 0[0] -> 8[0] [send] via NET/IB/0/GDRDMA
lrdn0024:1740868:1740942 [0] NCCL INFO Channel 01/0 : 0[0] -> 8[0] [send] via NET/IB/1(1)/GDRDMA
lrdn0241:1169849:1169912 [0] NCCL INFO Channel 00/0 : 4[0] -> 9[1] [send] via NET/IB/0/GDRDMA
lrdn0241:1169849:1169912 [0] NCCL INFO Channel 01/0 : 4[0] -> 9[1] [send] via NET/IB/1(5)/GDRDMA
lrdn0267:1091243:1091305 [0] NCCL INFO Channel 03/0 : 8[0] -> 10[2] via P2P/CUMEM/read
lrdn0267:1091244:1091306 [1] NCCL INFO Channel 03/0 : 7[3] -> 9[1] [receive] via NET/IB/3/GDRDMA
lrdn0267:1091244:1091306 [1] NCCL INFO Channel 03/0 : 9[1] -> 11[3] via P2P/CUMEM/read
lrdn0267:1091243:1091305 [0] NCCL INFO Channel 07/0 : 8[0] -> 10[2] via P2P/CUMEM/read
lrdn0267:1091244:1091306 [1] NCCL INFO Channel 07/0 : 9[1] -> 11[3] via P2P/CUMEM/read
lrdn0267:1091245:1091307 [2] NCCL INFO Channel 02/0 : 10[2] -> 14[2] [send] via NET/IB/2/GDRDMA
lrdn0267:1091243:1091305 [0] NCCL INFO Channel 04/0 : 5[1] -> 8[0] [receive] via NET/IB/0/GDRDMA
lrdn0267:1091243:1091305 [0] NCCL INFO Channel 05/0 : 5[1] -> 8[0] [receive] via NET/IB/1/GDRDMA
lrdn0241:1169852:1169911 [3] NCCL INFO Channel 07/0 : 3[3] -> 7[3] [receive] via NET/IB/3/GDRDMA
lrdn0267:1091246:1091304 [3] NCCL INFO Channel 03/0 : 11[3] -> 15[3] [send] via NET/IB/3/GDRDMA
lrdn0267:1091244:1091306 [1] NCCL INFO Channel 00/0 : 4[0] -> 9[1] [receive] via NET/IB/0/GDRDMA
lrdn0024:1740871:1740944 [3] NCCL INFO Channel 03/0 : 11[3] -> 3[3] [receive] via NET/IB/3/GDRDMA
lrdn0267:1091245:1091307 [2] NCCL INFO Channel 02/0 : 2[2] -> 10[2] [receive] via NET/IB/2/GDRDMA
lrdn0267:1091245:1091307 [2] NCCL INFO Channel 02/0 : 10[2] -> 2[2] [send] via NET/IB/2/GDRDMA
lrdn0267:1091244:1091306 [1] NCCL INFO Channel 01/0 : 4[0] -> 9[1] [receive] via NET/IB/1/GDRDMA
lrdn0331:4027675:4027734 [2] NCCL INFO Channel 06/0 : 6[2] -> 14[2] [receive] via NET/IB/2/GDRDMA
lrdn0024:1740870:1740945 [2] NCCL INFO Channel 06/0 : 6[2] -> 2[2] [receive] via NET/IB/2/GDRDMA
lrdn0024:1740871:1740944 [3] NCCL INFO Channel 03/0 : 3[3] -> 11[3] [send] via NET/IB/3/GDRDMA
lrdn0267:1091243:1091305 [0] NCCL INFO Channel 00/0 : 8[0] -> 12[0] [send] via NET/IB/0/GDRDMA
lrdn0267:1091246:1091304 [3] NCCL INFO Channel 02/0 : 6[2] -> 11[3] [receive] via NET/IB/2/GDRDMA
lrdn0241:1169852:1169911 [3] NCCL INFO Channel 07/0 : 15[3] -> 7[3] [receive] via NET/IB/3/GDRDMA
lrdn0331:4027676:4027735 [3] NCCL INFO Channel 07/0 : 7[3] -> 15[3] [receive] via NET/IB/3/GDRDMA
lrdn0267:1091243:1091305 [0] NCCL INFO Channel 01/0 : 8[0] -> 12[0] [send] via NET/IB/1(9)/GDRDMA
lrdn0241:1169850:1169913 [1] NCCL INFO Channel 07/0 : 5[1] -> 11[3] [send] via NET/IB/3(7)/GDRDMA
lrdn0267:1091245:1091307 [2] NCCL INFO Channel 02/0 : 14[2] -> 10[2] [receive] via NET/IB/2/GDRDMA
lrdn0241:1169852:1169911 [3] NCCL INFO Channel 07/0 : 7[3] -> 15[3] [send] via NET/IB/3/GDRDMA
lrdn0267:1091244:1091306 [1] NCCL INFO Channel 00/0 : 9[1] -> 4[0] [send] via NET/IB/0(8)/GDRDMA
lrdn0241:1169851:1169910 [2] NCCL INFO Channel 06/0 : 14[2] -> 6[2] [receive] via NET/IB/2/GDRDMA
lrdn0331:4027675:4027734 [2] NCCL INFO Channel 06/0 : 14[2] -> 6[2] [send] via NET/IB/2/GDRDMA
lrdn0267:1091246:1091304 [3] NCCL INFO Channel 07/0 : 5[1] -> 11[3] [receive] via NET/IB/3/GDRDMA
lrdn0241:1169849:1169912 [0] NCCL INFO Channel 04/0 : 12[0] -> 4[0] [receive] via NET/IB/0/GDRDMA
lrdn0331:4027676:4027735 [3] NCCL INFO Channel 07/0 : 15[3] -> 7[3] [send] via NET/IB/3/GDRDMA
lrdn0267:1091244:1091306 [1] NCCL INFO Channel 01/0 : 9[1] -> 4[0] [send] via NET/IB/1/GDRDMA
lrdn0241:1169851:1169910 [2] NCCL INFO Channel 06/0 : 6[2] -> 14[2] [send] via NET/IB/2/GDRDMA
lrdn0331:4027673:4027736 [0] NCCL INFO Channel 04/0 : 4[0] -> 12[0] [receive] via NET/IB/0/GDRDMA
lrdn0267:1091243:1091305 [0] NCCL INFO Channel 00/0 : 0[0] -> 8[0] [receive] via NET/IB/0/GDRDMA
lrdn0241:1169849:1169912 [0] NCCL INFO Channel 05/0 : 12[0] -> 4[0] [receive] via NET/IB/1/GDRDMA
lrdn0331:4027676:4027735 [3] NCCL INFO Channel 03/0 : 15[3] -> 11[3] [send] via NET/IB/3/GDRDMA
lrdn0267:1091246:1091304 [3] NCCL INFO Channel 03/0 : 3[3] -> 11[3] [receive] via NET/IB/3/GDRDMA
lrdn0331:4027673:4027736 [0] NCCL INFO Channel 05/0 : 4[0] -> 12[0] [receive] via NET/IB/1/GDRDMA
lrdn0267:1091243:1091305 [0] NCCL INFO Channel 01/0 : 0[0] -> 8[0] [receive] via NET/IB/1/GDRDMA
lrdn0331:4027675:4027734 [2] NCCL INFO Channel 02/0 : 14[2] -> 10[2] [send] via NET/IB/2/GDRDMA
lrdn0241:1169852:1169911 [3] NCCL INFO Channel 07/0 : 7[3] -> 3[3] [send] via NET/IB/3/GDRDMA
lrdn0267:1091246:1091304 [3] NCCL INFO Channel 03/0 : 11[3] -> 3[3] [send] via NET/IB/3/GDRDMA
lrdn0241:1169850:1169913 [1] NCCL INFO Channel 07/0 : 11[3] -> 5[1] [receive] via NET/IB/3/GDRDMA
lrdn0024:1740871:1740944 [3] NCCL INFO Channel 07/0 : 7[3] -> 3[3] [receive] via NET/IB/3/GDRDMA
lrdn0267:1091243:1091305 [0] NCCL INFO Channel 00/0 : 8[0] -> 0[0] [send] via NET/IB/0/GDRDMA
lrdn0241:1169851:1169910 [2] NCCL INFO Channel 02/0 : 11[3] -> 6[2] [receive] via NET/IB/2/GDRDMA
lrdn0331:4027673:4027736 [0] NCCL INFO Channel 04/0 : 12[0] -> 4[0] [send] via NET/IB/0/GDRDMA
lrdn0024:1740868:1740942 [0] NCCL INFO Channel 04/0 : 4[0] -> 0[0] [receive] via NET/IB/0/GDRDMA
lrdn0024:1740871:1740944 [3] NCCL INFO Channel 02/0 : 3[3] -> 0[0] via P2P/CUMEM/read
lrdn0267:1091243:1091305 [0] NCCL INFO Channel 01/0 : 8[0] -> 0[0] [send] via NET/IB/1(9)/GDRDMA
lrdn0241:1169849:1169912 [0] NCCL INFO Channel 04/0 : 4[0] -> 12[0] [send] via NET/IB/0/GDRDMA
lrdn0331:4027675:4027734 [2] NCCL INFO Channel 03/0 : 14[2] -> 12[0] via P2P/CUMEM/read
lrdn0024:1740868:1740942 [0] NCCL INFO Channel 05/0 : 4[0] -> 0[0] [receive] via NET/IB/1/GDRDMA
lrdn0267:1091246:1091304 [3] NCCL INFO Channel 07/0 : 11[3] -> 5[1] [send] via NET/IB/3/GDRDMA
lrdn0241:1169849:1169912 [0] NCCL INFO Channel 05/0 : 4[0] -> 12[0] [send] via NET/IB/1(5)/GDRDMA
lrdn0331:4027673:4027736 [0] NCCL INFO Channel 05/0 : 12[0] -> 4[0] [send] via NET/IB/1(13)/GDRDMA
lrdn0267:1091243:1091305 [0] NCCL INFO Channel 00/0 : 12[0] -> 8[0] [receive] via NET/IB/0/GDRDMA
lrdn0331:4027675:4027734 [2] NCCL INFO Channel 07/0 : 14[2] -> 12[0] via P2P/CUMEM/read
lrdn0267:1091245:1091307 [2] NCCL INFO Channel 06/0 : 10[2] -> 7[3] [send] via NET/IB/2/GDRDMA
lrdn0241:1169850:1169913 [1] NCCL INFO Channel 04/0 : 8[0] -> 5[1] [receive] via NET/IB/0/GDRDMA
lrdn0024:1740871:1740944 [3] NCCL INFO Channel 06/0 : 3[3] -> 0[0] via P2P/CUMEM/read
lrdn0267:1091246:1091304 [3] NCCL INFO Channel 02/0 : 11[3] -> 6[2] [send] via NET/IB/2(10)/GDRDMA
lrdn0267:1091243:1091305 [0] NCCL INFO Channel 01/0 : 12[0] -> 8[0] [receive] via NET/IB/1/GDRDMA
lrdn0241:1169852:1169911 [3] NCCL INFO Channel 06/0 : 10[2] -> 7[3] [receive] via NET/IB/2/GDRDMA
lrdn0267:1091246:1091304 [3] NCCL INFO Channel 03/0 : 15[3] -> 11[3] [receive] via NET/IB/3/GDRDMA
lrdn0331:4027676:4027735 [3] NCCL INFO Channel 02/0 : 15[3] -> 12[0] via P2P/CUMEM/read
